
> seiftype@0.0.0 build
> vite build

[36mvite v8.0.0 [32mbuilding client environment for production...[36m[39m
[2K
transforming...Γ£ô 1073 modules transformed.
rendering chunks...
computing gzip size...
dist/index.html                     1.07 kB Γöé gzip:   0.47 kB
dist/assets/index-BKcsA5f4.css     29.04 kB Γöé gzip:   6.18 kB
dist/assets/index-4ser3cQu.js   1,075.04 kB Γöé gzip: 315.95 kB

[32mΓ£ô built in 428ms[39m
node.exe : [33m[plugin builtin:vite-reporter] 
At C:\Program Files\nodejs\npm.ps1:29 char:3
+   & $NODE_EXE $NPM_CLI_JS $args
+   ~~~~~~~~~~~~~~~~~~~~~~~~~~~~~
    + CategoryInfo          : NotSpecified: ([33m[plugin builtin:vite-reporte 
   r] :String) [], RemoteException
    + FullyQualifiedErrorId : NativeCommandError
 
(!) Some chunks are larger than 500 kB after minification. Consider:
- Using dynamic import() to code-split the application
- Use build.rolldownOptions.output.codeSplitting to improve chunking: 
https://rolldown.rs/reference/OutputOptions.codeSplitting
- Adjust chunk size limit for this warning via 
build.chunkSizeWarningLimit.[39m
